Archive member included to satisfy reference by file (symbol)

C:/ST/STM32CubeIDE_2.1.1/STM32CubeIDE/plugins/com.st.stm32cube.ide.mcu.externaltools.gnu-tools-for-stm32.14.3.rel1.win32_1.0.100.202602081740/tools/bin/../lib/gcc/arm-none-eabi/14.3.1/../../../../arm-none-eabi/lib/thumb/v7e-m+fp/hard\libc_nano.a(libc_a-exit.o)
                              C:/ST/STM32CubeIDE_2.1.1/STM32CubeIDE/plugins/com.st.stm32cube.ide.mcu.externaltools.gnu-tools-for-stm32.14.3.rel1.win32_1.0.100.202602081740/tools/bin/../lib/gcc/arm-none-eabi/14.3.1/../../../../arm-none-eabi/lib/thumb/v7e-m+fp/hard/crt0.o (exit)
C:/ST/STM32CubeIDE_2.1.1/STM32CubeIDE/plugins/com.st.stm32cube.ide.mcu.externaltools.gnu-tools-for-stm32.14.3.rel1.win32_1.0.100.202602081740/tools/bin/../lib/gcc/arm-none-eabi/14.3.1/../../../../arm-none-eabi/lib/thumb/v7e-m+fp/hard\libc_nano.a(libc_a-findfp.o)
                              C:/ST/STM32CubeIDE_2.1.1/STM32CubeIDE/plugins/com.st.stm32cube.ide.mcu.externaltools.gnu-tools-for-stm32.14.3.rel1.win32_1.0.100.202602081740/tools/bin/../lib/gcc/arm-none-eabi/14.3.1/../../../../arm-none-eabi/lib/thumb/v7e-m+fp/hard\libc_nano.a(libc_a-exit.o) (__stdio_exit_handler)
C:/ST/STM32CubeIDE_2.1.1/STM32CubeIDE/plugins/com.st.stm32cube.ide.mcu.externaltools.gnu-tools-for-stm32.14.3.rel1.win32_1.0.100.202602081740/tools/bin/../lib/gcc/arm-none-eabi/14.3.1/../../../../arm-none-eabi/lib/thumb/v7e-m+fp/hard\libc_nano.a(libc_a-fwalk.o)
                              C:/ST/STM32CubeIDE_2.1.1/STM32CubeIDE/plugins/com.st.stm32cube.ide.mcu.externaltools.gnu-tools-for-stm32.14.3.rel1.win32_1.0.100.202602081740/tools/bin/../lib/gcc/arm-none-eabi/14.3.1/../../../../arm-none-eabi/lib/thumb/v7e-m+fp/hard\libc_nano.a(libc_a-findfp.o) (_fwalk_sglue)
C:/ST/STM32CubeIDE_2.1.1/STM32CubeIDE/plugins/com.st.stm32cube.ide.mcu.externaltools.gnu-tools-for-stm32.14.3.rel1.win32_1.0.100.202602081740/tools/bin/../lib/gcc/arm-none-eabi/14.3.1/../../../../arm-none-eabi/lib/thumb/v7e-m+fp/hard\libc_nano.a(libc_a-stdio.o)
                              C:/ST/STM32CubeIDE_2.1.1/STM32CubeIDE/plugins/com.st.stm32cube.ide.mcu.externaltools.gnu-tools-for-stm32.14.3.rel1.win32_1.0.100.202602081740/tools/bin/../lib/gcc/arm-none-eabi/14.3.1/../../../../arm-none-eabi/lib/thumb/v7e-m+fp/hard\libc_nano.a(libc_a-findfp.o) (__sread)
C:/ST/STM32CubeIDE_2.1.1/STM32CubeIDE/plugins/com.st.stm32cube.ide.mcu.externaltools.gnu-tools-for-stm32.14.3.rel1.win32_1.0.100.202602081740/tools/bin/../lib/gcc/arm-none-eabi/14.3.1/../../../../arm-none-eabi/lib/thumb/v7e-m+fp/hard\libc_nano.a(libc_a-memset.o)
                              C:/ST/STM32CubeIDE_2.1.1/STM32CubeIDE/plugins/com.st.stm32cube.ide.mcu.externaltools.gnu-tools-for-stm32.14.3.rel1.win32_1.0.100.202602081740/tools/bin/../lib/gcc/arm-none-eabi/14.3.1/../../../../arm-none-eabi/lib/thumb/v7e-m+fp/hard/crt0.o (memset)
C:/ST/STM32CubeIDE_2.1.1/STM32CubeIDE/plugins/com.st.stm32cube.ide.mcu.externaltools.gnu-tools-for-stm32.14.3.rel1.win32_1.0.100.202602081740/tools/bin/../lib/gcc/arm-none-eabi/14.3.1/../../../../arm-none-eabi/lib/thumb/v7e-m+fp/hard\libc_nano.a(libc_a-closer.o)
                              C:/ST/STM32CubeIDE_2.1.1/STM32CubeIDE/plugins/com.st.stm32cube.ide.mcu.externaltools.gnu-tools-for-stm32.14.3.rel1.win32_1.0.100.202602081740/tools/bin/../lib/gcc/arm-none-eabi/14.3.1/../../../../arm-none-eabi/lib/thumb/v7e-m+fp/hard\libc_nano.a(libc_a-stdio.o) (_close_r)
C:/ST/STM32CubeIDE_2.1.1/STM32CubeIDE/plugins/com.st.stm32cube.ide.mcu.externaltools.gnu-tools-for-stm32.14.3.rel1.win32_1.0.100.202602081740/tools/bin/../lib/gcc/arm-none-eabi/14.3.1/../../../../arm-none-eabi/lib/thumb/v7e-m+fp/hard\libc_nano.a(libc_a-reent.o)
                              C:/ST/STM32CubeIDE_2.1.1/STM32CubeIDE/plugins/com.st.stm32cube.ide.mcu.externaltools.gnu-tools-for-stm32.14.3.rel1.win32_1.0.100.202602081740/tools/bin/../lib/gcc/arm-none-eabi/14.3.1/../../../../arm-none-eabi/lib/thumb/v7e-m+fp/hard\libc_nano.a(libc_a-closer.o) (errno)
C:/ST/STM32CubeIDE_2.1.1/STM32CubeIDE/plugins/com.st.stm32cube.ide.mcu.externaltools.gnu-tools-for-stm32.14.3.rel1.win32_1.0.100.202602081740/tools/bin/../lib/gcc/arm-none-eabi/14.3.1/../../../../arm-none-eabi/lib/thumb/v7e-m+fp/hard\libc_nano.a(libc_a-impure.o)
                              C:/ST/STM32CubeIDE_2.1.1/STM32CubeIDE/plugins/com.st.stm32cube.ide.mcu.externaltools.gnu-tools-for-stm32.14.3.rel1.win32_1.0.100.202602081740/tools/bin/../lib/gcc/arm-none-eabi/14.3.1/../../../../arm-none-eabi/lib/thumb/v7e-m+fp/hard\libc_nano.a(libc_a-reent.o) (_impure_ptr)
C:/ST/STM32CubeIDE_2.1.1/STM32CubeIDE/plugins/com.st.stm32cube.ide.mcu.externaltools.gnu-tools-for-stm32.14.3.rel1.win32_1.0.100.202602081740/tools/bin/../lib/gcc/arm-none-eabi/14.3.1/../../../../arm-none-eabi/lib/thumb/v7e-m+fp/hard\libc_nano.a(libc_a-lseekr.o)
[...]
Memory Configuration

Name             Origin             Length             Attributes
CCMRAM           0x10000000         0x00010000         xrw
RAM              0x20000000         0x00030000         xrw
FLASH            0x08000000         0x00200000         xr
*default*        0x00000000         0xffffffff

Linker script and memory map

LOAD C:/ST/STM32CubeIDE_2.1.1/STM32CubeIDE/plugins/com.st.stm32cube.ide.mcu.externaltools.gnu-tools-for-stm32.14.3.rel1.win32_1.0.100.202602081740/tools/bin/../lib/gcc/arm-none-eabi/14.3.1/thumb/v7e-m+fp/hard/crti.o
LOAD C:/ST/STM32CubeIDE_2.1.1/STM32CubeIDE/plugins/com.st.stm32cube.ide.mcu.externaltools.gnu-tools-for-stm32.14.3.rel1.win32_1.0.100.202602081740/tools/bin/../lib/gcc/arm-none-eabi/14.3.1/thumb/v7e-m+fp/hard/crtbegin.o
LOAD C:/ST/STM32CubeIDE_2.1.1/STM32CubeIDE/plugins/com.st.stm32cube.ide.mcu.externaltools.gnu-tools-for-stm32.14.3.rel1.win32_1.0.100.202602081740/tools/bin/../lib/gcc/arm-none-eabi/14.3.1/../../../../arm-none-eabi/lib/thumb/v7e-m+fp/hard/crt0.o
LOAD ./Core/Src/eth.o
LOAD ./Core/Src/gpio.o
LOAD ./Core/Src/main.o
LOAD ./Core/Src/stm32f4xx_hal_msp.o
LOAD ./Core/Src/stm32f4xx_it.o
LOAD ./Core/Src/syscalls.o
LOAD ./Core/Src/sysmem.o
LOAD ./Core/Src/system_stm32f4xx.o
LOAD ./Core/Src/usart.o
LOAD ./Core/Src/usb_otg.o
LOAD ./Core/Startup/startup_stm32f429zitx.o
LOAD ./Drivers/STM32F4xx_HAL_Driver/Src/stm32f4xx_hal.o
LOAD ./Drivers/STM32F4xx_HAL_Driver/Src/stm32f4xx_hal_cortex.o
LOAD ./Drivers/STM32F4xx_HAL_Driver/Src/stm32f4xx_hal_dma.o
LOAD ./Drivers/STM32F4xx_HAL_Driver/Src/stm32f4xx_hal_dma_ex.o
LOAD ./Drivers/STM32F4xx_HAL_Driver/Src/stm32f4xx_hal_eth.o
LOAD ./Drivers/STM32F4xx_HAL_Driver/Src/stm32f4xx_hal_exti.o
LOAD ./Drivers/STM32F4xx_HAL_Driver/Src/stm32f4xx_hal_flash.o
LOAD ./Drivers/STM32F4xx_HAL_Driver/Src/stm32f4xx_hal_flash_ex.o
LOAD ./Drivers/STM32F4xx_HAL_Driver/Src/stm32f4xx_hal_flash_ramfunc.o
LOAD ./Drivers/STM32F4xx_HAL_Driver/Src/stm32f4xx_hal_gpio.o
LOAD ./Drivers/STM32F4xx_HAL_Driver/Src/stm32f4xx_hal_pcd.o
LOAD ./Drivers/STM32F4xx_HAL_Driver/Src/stm32f4xx_hal_pcd_ex.o
LOAD ./Drivers/STM32F4xx_HAL_Driver/Src/stm32f4xx_hal_pwr.o
LOAD ./Drivers/STM32F4xx_HAL_Driver/Src/stm32f4xx_hal_pwr_ex.o
LOAD ./Drivers/STM32F4xx_HAL_Driver/Src/stm32f4xx_hal_rcc.o
LOAD ./Drivers/STM32F4xx_HAL_Driver/Src/stm32f4xx_hal_rcc_ex.o
LOAD ./Drivers/STM32F4xx_HAL_Driver/Src/stm32f4xx_hal_uart.o
LOAD ./Drivers/STM32F4xx_HAL_Driver/Src/stm32f4xx_ll_usb.o
START GROUP
LOAD C:/ST/STM32CubeIDE_2.1.1/STM32CubeIDE/plugins/com.st.stm32cube.ide.mcu.externaltools.gnu-tools-for-stm32.14.3.rel1.win32_1.0.100.202602081740/tools/bin/../lib/gcc/arm-none-eabi/14.3.1/../../../../arm-none-eabi/lib/thumb/v7e-m+fp/hard\libc_nano.a
LOAD C:/ST/STM32CubeIDE_2.1.1/STM32CubeIDE/plugins/com.st.stm32cube.ide.mcu.externaltools.gnu-tools-for-stm32.14.3.rel1.win32_1.0.100.202602081740/tools/bin/../lib/gcc/arm-none-eabi/14.3.1/../../../../arm-none-eabi/lib/thumb/v7e-m+fp/hard\libm.a
END GROUP
START GROUP
LOAD C:/ST/STM32CubeIDE_2.1.1/STM32CubeIDE/plugins/com.st.stm32cube.ide.mcu.externaltools.gnu-tools-for-stm32.14.3.rel1.win32_1.0.100.202602081740/tools/bin/../lib/gcc/arm-none-eabi/14.3.1/thumb/v7e-m+fp/hard\libgcc.a
LOAD C:/ST/STM32CubeIDE_2.1.1/STM32CubeIDE/plugins/com.st.stm32cube.ide.mcu.externaltools.gnu-tools-for-stm32.14.3.rel1.win32_1.0.100.202602081740/tools/bin/../lib/gcc/arm-none-eabi/14.3.1/../../../../arm-none-eabi/lib/thumb/v7e-m+fp/hard\libc_nano.a
END GROUP
START GROUP
LOAD C:/ST/STM32CubeIDE_2.1.1/STM32CubeIDE/plugins/com.st.stm32cube.ide.mcu.externaltools.gnu-tools-for-stm32.14.3.rel1.win32_1.0.100.202602081740/tools/bin/../lib/gcc/arm-none-eabi/14.3.1/thumb/v7e-m+fp/hard\libgcc.a
LOAD C:/ST/STM32CubeIDE_2.1.1/STM32CubeIDE/plugins/com.st.stm32cube.ide.mcu.externaltools.gnu-tools-for-stm32.14.3.rel1.win32_1.0.100.202602081740/tools/bin/../lib/gcc/arm-none-eabi/14.3.1/../../../../arm-none-eabi/lib/thumb/v7e-m+fp/hard\libc_nano.a
LOAD C:/ST/STM32CubeIDE_2.1.1/STM32CubeIDE/plugins/com.st.stm32cube.ide.mcu.externaltools.gnu-tools-for-stm32.14.3.rel1.win32_1.0.100.202602081740/tools/bin/../lib/gcc/arm-none-eabi/14.3.1/../../../../arm-none-eabi/lib/thumb/v7e-m+fp/hard\libnosys.a
END GROUP
START GROUP
LOAD C:/ST/STM32CubeIDE_2.1.1/STM32CubeIDE/plugins/com.st.stm32cube.ide.mcu.externaltools.gnu-tools-for-stm32.14.3.rel1.win32_1.0.100.202602081740/tools/bin/../lib/gcc/arm-none-eabi/14.3.1/thumb/v7e-m+fp/hard\libgcc.a
LOAD C:/ST/STM32CubeIDE_2.1.1/STM32CubeIDE/plugins/com.st.stm32cube.ide.mcu.externaltools.gnu-tools-for-stm32.14.3.rel1.win32_1.0.100.202602081740/tools/bin/../lib/gcc/arm-none-eabi/14.3.1/../../../../arm-none-eabi/lib/thumb/v7e-m+fp/hard\libc_nano.a
LOAD C:/ST/STM32CubeIDE_2.1.1/STM32CubeIDE/plugins/com.st.stm32cube.ide.mcu.externaltools.gnu-tools-for-stm32.14.3.rel1.win32_1.0.100.202602081740/tools/bin/../lib/gcc/arm-none-eabi/14.3.1/../../../../arm-none-eabi/lib/thumb/v7e-m+fp/hard\libnosys.a
END GROUP
LOAD C:/ST/STM32CubeIDE_2.1.1/STM32CubeIDE/plugins/com.st.stm32cube.ide.mcu.externaltools.gnu-tools-for-stm32.14.3.rel1.win32_1.0.100.202602081740/tools/bin/../lib/gcc/arm-none-eabi/14.3.1/thumb/v7e-m+fp/hard/crtend.o
LOAD C:/ST/STM32CubeIDE_2.1.1/STM32CubeIDE/plugins/com.st.stm32cube.ide.mcu.externaltools.gnu-tools-for-stm32.14.3.rel1.win32_1.0.100.202602081740/tools/bin/../lib/gcc/arm-none-eabi/14.3.1/thumb/v7e-m+fp/hard/crtn.o
                0x20030000                        _estack = (ORIGIN (RAM) + LENGTH (RAM))
                0x00000200                        _Min_Heap_Size = 0x200
                0x00000400                        _Min_Stack_Size = 0x400

.isr_vector     0x08000000      0x1ac
                0x08000000                        . = ALIGN (0x4)
 *(.isr_vector)
 .isr_vector    0x08000000      0x1ac ./Core/Startup/startup_stm32f429zitx.o
                0x08000000                g_pfnVectors
                0x080001ac                        . = ALIGN (0x4)

.text           0x080001ac     0x2fc8
                0x080001ac                        . = ALIGN (0x4)
 *(.text)
 .text          0x080001ac       0x40 C:/ST/STM32CubeIDE_2.1.1/STM32CubeIDE/plugins/com.st.stm32cube.ide.mcu.externaltools.gnu-tools-for-stm32.14.3.rel1.win32_1.0.100.202602081740/tools/bin/../lib/gcc/arm-none-eabi/14.3.1/thumb/v7e-m+fp/hard/crtbegin.o
 .text          0x080001ec       0x30 C:/ST/STM32CubeIDE_2.1.1/STM32CubeIDE/plugins/com.st.stm32cube.ide.mcu.externaltools.gnu-tools-for-stm32.14.3.rel1.win32_1.0.100.202602081740/tools/bin/../lib/gcc/arm-none-eabi/14.3.1/thumb/v7e-m+fp/hard\libgcc.a(_aeabi_uldivmod.o)
                0x080001ec                __aeabi_uldivmod
 .text          0x0800021c      0x2f8 C:/ST/STM32CubeIDE_2.1.1/STM32CubeIDE/plugins/com.st.stm32cube.ide.mcu.externaltools.gnu-tools-for-stm32.14.3.rel1.win32_1.0.100.202602081740/tools/bin/../lib/gcc/arm-none-eabi/14.3.1/thumb/v7e-m+fp/hard\libgcc.a(_udivmoddi4.o)
                0x0800021c                __udivmoddi4
 .text          0x08000514        0x4 C:/ST/STM32CubeIDE_2.1.1/STM32CubeIDE/plugins/com.st.stm32cube.ide.mcu.externaltools.gnu-tools-for-stm32.14.3.rel1.win32_1.0.100.202602081740/tools/bin/../lib/gcc/arm-none-eabi/14.3.1/thumb/v7e-m+fp/hard\libgcc.a(_dvmd_tls.o)
                0x08000514                __aeabi_idiv0
                0x08000514                __aeabi_ldiv0
 *(.text*)
 .text.MX_ETH_Init
                0x08000518       0x9c ./Core/Src/eth.o
                0x08000518                MX_ETH_Init
 .text.HAL_ETH_MspInit
                0x080005b4      0x18c ./Core/Src/eth.o
                0x080005b4                HAL_ETH_MspInit
 .text.MX_GPIO_Init
                0x08000740      0x15c ./Core/Src/gpio.o
                0x08000740                MX_GPIO_Init
 .text.main     0x0800089c       0x34 ./Core/Src/main.o
                0x0800089c                main
 .text.SystemClock_Config
                0x080008d0       0xd4 ./Core/Src/main.o
                0x080008d0                SystemClock_Config
 .text.Error_Handler
                0x080009a4        0xc ./Core/Src/main.o
                0x080009a4                Error_Handler
 .text.HAL_MspInit
                0x080009b0       0x50 ./Core/Src/stm32f4xx_hal_msp.o
                0x080009b0                HAL_MspInit
 .text.NMI_Handler
                0x08000a00        0x8 ./Core/Src/stm32f4xx_it.o
                0x08000a00                NMI_Handler
 .text.HardFault_Handler
                0x08000a08        0x8 ./Core/Src/stm32f4xx_it.o
                0x08000a08                HardFault_Handler
 .text.MemManage_Handler
                0x08000a10        0x8 ./Core/Src/stm32f4xx_it.o
                0x08000a10                MemManage_Handler
 .text.BusFault_Handler
                0x08000a18        0x8 ./Core/Src/stm32f4xx_it.o
                0x08000a18                BusFault_Handler
 .text.UsageFault_Handler
                0x08000a20        0x8 ./Core/Src/stm32f4xx_it.o
                0x08000a20                UsageFault_Handler
 .text.SVC_Handler
                0x08000a28        0xe ./Core/Src/stm32f4xx_it.o
                0x08000a28                SVC_Handler
 .text.DebugMon_Handler
                0x08000a36        0xe ./Core/Src/stm32f4xx_it.o
                0x08000a36                DebugMon_Handler
 .text.PendSV_Handler
                0x08000a44        0xe ./Core/Src/stm32f4xx_it.o
                0x08000a44                PendSV_Handler
 .text.SysTick_Handler
                0x08000a52        0xc ./Core/Src/stm32f4xx_it.o
                0x08000a52                SysTick_Handler
 *fill*         0x08000a5e        0x2 
 .text.SystemInit
                0x08000a60       0x24 ./Core/Src/system_stm32f4xx.o
                0x08000a60                SystemInit
 .text.MX_USART3_UART_Init
                0x08000a84       0x54 ./Core/Src/usart.o
                0x08000a84                MX_USART3_UART_Init
 .text.HAL_UART_MspInit
                0x08000ad8       0x90 ./Core/Src/usart.o
                0x08000ad8                HAL_UART_MspInit
 .text.MX_USB_OTG_FS_PCD_Init
                0x08000b68       0x5c ./Core/Src/usb_otg.o
                0x08000b68                MX_USB_OTG_FS_PCD_Init
 .text.HAL_PCD_MspInit
                0x08000bc4       0xb4 ./Core/Src/usb_otg.o
                0x08000bc4                HAL_PCD_MspInit
 .text.Reset_Handler
                0x08000c78       0x50 ./Core/Startup/startup_stm32f429zitx.o
                0x08000c78                Reset_Handler
 .text.Default_Handler
                0x08000cc8        0x2 ./Core/Startup/startup_stm32f429zitx.o
                0x08000cc8                RTC_Alarm_IRQHandler
                0x08000cc8                HASH_RNG_IRQHandler
                0x08000cc8                EXTI2_IRQHandler
                0x08000cc8                TIM8_CC_IRQHandler
                0x08000cc8                UART8_IRQHandler
                0x08000cc8                SPI4_IRQHandler
                0x08000cc8                TIM1_CC_IRQHandler
                0x08000cc8                DMA2_Stream5_IRQHandler
                0x08000cc8                DMA1_Stream5_IRQHandler
                0x08000cc8                PVD_IRQHandler
                0x08000cc8                SDIO_IRQHandler
                0x08000cc8                TAMP_STAMP_IRQHandler
                0x08000cc8                CAN2_RX1_IRQHandler
                0x08000cc8                EXTI3_IRQHandler
                0x08000cc8                TIM8_TRG_COM_TIM14_IRQHandler
                0x08000cc8                TIM1_UP_TIM10_IRQHandler
                0x08000cc8                TIM8_UP_TIM13_IRQHandler
                0x08000cc8                I2C3_ER_IRQHandler
                0x08000cc8                EXTI0_IRQHandler
                0x08000cc8                I2C2_EV_IRQHandler
                0x08000cc8                DMA1_Stream2_IRQHandler
                0x08000cc8                CAN1_RX0_IRQHandler
                0x08000cc8                FPU_IRQHandler
                0x08000cc8                OTG_HS_WKUP_IRQHandler
                0x08000cc8                LTDC_ER_IRQHandler
                0x08000cc8                CAN2_SCE_IRQHandler
                0x08000cc8                DMA2_Stream2_IRQHandler
                0x08000cc8                SPI1_IRQHandler
                0x08000cc8                TIM6_DAC_IRQHandler
                0x08000cc8                TIM1_BRK_TIM9_IRQHandler
                0x08000cc8                DCMI_IRQHandler
                0x08000cc8                CAN2_RX0_IRQHandler
                0x08000cc8                DMA2_Stream3_IRQHandler
                0x08000cc8                USART6_IRQHandler
                0x08000cc8                USART3_IRQHandler
                0x08000cc8                CAN1_RX1_IRQHandler
                0x08000cc8                UART5_IRQHandler
                0x08000cc8                DMA2_Stream0_IRQHandler
                0x08000cc8                TIM4_IRQHandler
                0x08000cc8                I2C1_EV_IRQHandler
                0x08000cc8                DMA1_Stream6_IRQHandler
                0x08000cc8                DMA1_Stream1_IRQHandler
                0x08000cc8                UART4_IRQHandler
                0x08000cc8                TIM3_IRQHandler
                0x08000cc8                RCC_IRQHandler
                0x08000cc8                TIM8_BRK_TIM12_IRQHandler
                0x08000cc8                Default_Handler
                0x08000cc8                EXTI15_10_IRQHandler
                0x08000cc8                ADC_IRQHandler
                0x08000cc8                DMA1_Stream7_IRQHandler
                0x08000cc8                SPI5_IRQHandler
                0x08000cc8                TIM7_IRQHandler
                0x08000cc8                CAN2_TX_IRQHandler
                0x08000cc8                TIM5_IRQHandler
                0x08000cc8                DMA2_Stream7_IRQHandler
                0x08000cc8                I2C3_EV_IRQHandler
                0x08000cc8                EXTI9_5_IRQHandler
                0x08000cc8                RTC_WKUP_IRQHandler
                0x08000cc8                LTDC_IRQHandler
                0x08000cc8                ETH_WKUP_IRQHandler
                0x08000cc8                SPI2_IRQHandler
                0x08000cc8                OTG_HS_EP1_IN_IRQHandler
                0x08000cc8                DMA1_Stream0_IRQHandler
                0x08000cc8                CAN1_TX_IRQHandler
                0x08000cc8                EXTI4_IRQHandler
                0x08000cc8                ETH_IRQHandler
                0x08000cc8                OTG_HS_EP1_OUT_IRQHandler
                0x08000cc8                WWDG_IRQHandler
                0x08000cc8                SPI6_IRQHandler
                0x08000cc8                TIM2_IRQHandler
                0x08000cc8                OTG_FS_WKUP_IRQHandler
                0x08000cc8                TIM1_TRG_COM_TIM11_IRQHandler
                0x08000cc8                OTG_HS_IRQHandler
                0x08000cc8                DMA2D_IRQHandler
                0x08000cc8                EXTI1_IRQHandler
                0x08000cc8                UART7_IRQHandler
                0x08000cc8                USART2_IRQHandler
                0x08000cc8                I2C2_ER_IRQHandler
                0x08000cc8                DMA2_Stream1_IRQHandler
                0x08000cc8                CAN1_SCE_IRQHandler
                0x08000cc8                FLASH_IRQHandler
                0x08000cc8                DMA2_Stream4_IRQHandler
                0x08000cc8                USART1_IRQHandler
                0x08000cc8                OTG_FS_IRQHandler
                0x08000cc8                SPI3_IRQHandler
                0x08000cc8                DMA1_Stream4_IRQHandler
                0x08000cc8                I2C1_ER_IRQHandler
                0x08000cc8                FMC_IRQHandler
                0x08000cc8                DMA2_Stream6_IRQHandler
                0x08000cc8                SAI1_IRQHandler
                0x08000cc8                DMA1_Stream3_IRQHandler
 *fill*         0x08000cca        0x2 
 .text.HAL_Init
                0x08000ccc       0x44 ./Drivers/STM32F4xx_HAL_Driver/Src/stm32f4xx_hal.o
                0x08000ccc                HAL_Init
 .text.HAL_InitTick
                0x08000d10       0x60 ./Drivers/STM32F4xx_HAL_Driver/Src/stm32f4xx_hal.o
                0x08000d10                HAL_InitTick
 .text.HAL_IncTick
                0x08000d70       0x28 ./Drivers/STM32F4xx_HAL_Driver/Src/stm32f4xx_hal.o
                0x08000d70                HAL_IncTick
 .text.HAL_GetTick
                0x08000d98       0x18 ./Drivers/STM32F4xx_HAL_Driver/Src/stm32f4xx_hal.o
                0x08000d98                HAL_GetTick
 .text.HAL_Delay
                0x08000db0       0x48 ./Drivers/STM32F4xx_HAL_Driver/Src/stm32f4xx_hal.o
                0x08000db0                HAL_Delay
 .text.__NVIC_SetPriorityGrouping
                0x08000df8       0x48 ./Drivers/STM32F4xx_HAL_Driver/Src/stm32f4xx_hal_cortex.o
 .text.__NVIC_GetPriorityGrouping
                0x08000e40       0x1c ./Drivers/STM32F4xx_HAL_Driver/Src/stm32f4xx_hal_cortex.o
 .text.__NVIC_SetPriority
                0x08000e5c       0x54 ./Drivers/STM32F4xx_HAL_Driver/Src/stm32f4xx_hal_cortex.o
 .text.NVIC_EncodePriority
                0x08000eb0       0x66 ./Drivers/STM32F4xx_HAL_Driver/Src/stm32f4xx_hal_cortex.o
 *fill*         0x08000f16        0x2 
 .text.SysTick_Config
                0x08000f18       0x44 ./Drivers/STM32F4xx_HAL_Driver/Src/stm32f4xx_hal_cortex.o
 .text.HAL_NVIC_SetPriorityGrouping
                0x08000f5c       0x16 ./Drivers/STM32F4xx_HAL_Driver/Src/stm32f4xx_hal_cortex.o
                0x08000f5c                HAL_NVIC_SetPriorityGrouping
 .text.HAL_NVIC_SetPriority
                0x08000f72       0x38 ./Drivers/STM32F4xx_HAL_Driver/Src/stm32f4xx_hal_cortex.o
                0x08000f72                HAL_NVIC_SetPriority
 .text.HAL_SYSTICK_Config
                0x08000faa       0x18 ./Drivers/STM32F4xx_HAL_Driver/Src/stm32f4xx_hal_cortex.o
                0x08000faa                HAL_SYSTICK_Config
 *fill*         0x08000fc2        0x2 
 .text.HAL_ETH_Init
                0x08000fc4      0x138 ./Drivers/STM32F4xx_HAL_Driver/Src/stm32f4xx_hal_eth.o
                0x08000fc4                HAL_ETH_Init
 .text.ETH_SetMACConfig
                0x080010fc      0x168 ./Drivers/STM32F4xx_HAL_Driver/Src/stm32f4xx_hal_eth.o
 .text.ETH_SetDMAConfig
                0x08001264      0x114 ./Drivers/STM32F4xx_HAL_Driver/Src/stm32f4xx_hal_eth.o
 .text.ETH_MACDMAConfig
                0x08001378       0xea ./Drivers/STM32F4xx_HAL_Driver/Src/stm32f4xx_hal_eth.o
 *fill*         0x08001462        0x2 
 .text.ETH_MACAddressConfig
                0x08001464       0x70 ./Drivers/STM32F4xx_HAL_Driver/Src/stm32f4xx_hal_eth.o
 .text.ETH_DMATxDescListInit
                0x080014d4       0xb2 ./Drivers/STM32F4xx_HAL_Driver/Src/stm32f4xx_hal_eth.o
 .text.ETH_DMARxDescListInit
                0x08001586       0xde ./Drivers/STM32F4xx_HAL_Driver/Src/stm32f4xx_hal_eth.o
 .text.HAL_GPIO_Init
                0x08001664      0x358 ./Drivers/STM32F4xx_HAL_Driver/Src/stm32f4xx_hal_gpio.o
                0x08001664                HAL_GPIO_Init
 .text.HAL_GPIO_WritePin
                0x080019bc       0x32 ./Drivers/STM32F4xx_HAL_Driver/Src/stm32f4xx_hal_gpio.o
                0x080019bc                HAL_GPIO_WritePin
 .text.HAL_GPIO_TogglePin
                0x080019ee       0x34 ./Drivers/STM32F4xx_HAL_Driver/Src/stm32f4xx_hal_gpio.o
                0x080019ee                HAL_GPIO_TogglePin
 .text.HAL_PCD_Init
                0x08001a22      0x21e ./Drivers/STM32F4xx_HAL_Driver/Src/stm32f4xx_hal_pcd.o
                0x08001a22                HAL_PCD_Init
 .text.HAL_RCC_OscConfig
                0x08001c40      0x4f0 ./Drivers/STM32F4xx_HAL_Driver/Src/stm32f4xx_hal_rcc.o
                0x08001c40                HAL_RCC_OscConfig
 .text.HAL_RCC_ClockConfig
                0x08002130      0x1cc ./Drivers/STM32F4xx_HAL_Driver/Src/stm32f4xx_hal_rcc.o
                0x08002130                HAL_RCC_ClockConfig
 .text.HAL_RCC_GetSysClockFreq
                0x080022fc      0x20c ./Drivers/STM32F4xx_HAL_Driver/Src/stm32f4xx_hal_rcc.o
                0x080022fc                HAL_RCC_GetSysClockFreq
 .text.HAL_RCC_GetHCLKFreq
                0x08002508       0x18 ./Drivers/STM32F4xx_HAL_Driver/Src/stm32f4xx_hal_rcc.o
                0x08002508                HAL_RCC_GetHCLKFreq
 .text.HAL_RCC_GetPCLK1Freq
                0x08002520       0x28 ./Drivers/STM32F4xx_HAL_Driver/Src/stm32f4xx_hal_rcc.o
                0x08002520                HAL_RCC_GetPCLK1Freq
 .text.HAL_RCC_GetPCLK2Freq
                0x08002548       0x28 ./Drivers/STM32F4xx_HAL_Driver/Src/stm32f4xx_hal_rcc.o
                0x08002548                HAL_RCC_GetPCLK2Freq
 .text.HAL_UART_Init
                0x08002570       0xa0 ./Drivers/STM32F4xx_HAL_Driver/Src/stm32f4xx_hal_uart.o
                0x08002570                HAL_UART_Init
 .text.UART_SetConfig
                0x08002610      0x4e8 ./Drivers/STM32F4xx_HAL_Driver/Src/stm32f4xx_hal_uart.o
 .text.USB_CoreInit
                0x08002af8       0xc8 ./Drivers/STM32F4xx_HAL_Driver/Src/stm32f4xx_ll_usb.o
                0x08002af8                USB_CoreInit
 .text.USB_DisableGlobalInt
                0x08002bc0       0x22 ./Drivers/STM32F4xx_HAL_Driver/Src/stm32f4xx_ll_usb.o
                0x08002bc0                USB_DisableGlobalInt
 .text.USB_SetCurrentMode
                0x08002be2       0x98 ./Drivers/STM32F4xx_HAL_Driver/Src/stm32f4xx_ll_usb.o
                0x08002be2                USB_SetCurrentMode
 *fill*         0x08002c7a        0x2 
 .text.USB_DevInit
                0x08002c7c      0x2c8 ./Drivers/STM32F4xx_HAL_Driver/Src/stm32f4xx_ll_usb.o
                0x08002c7c                USB_DevInit
 .text.USB_FlushTxFifo
                0x08002f44       0x64 ./Drivers/STM32F4xx_HAL_Driver/Src/stm32f4xx_ll_usb.o
                0x08002f44                USB_FlushTxFifo
 .text.USB_FlushRxFifo
                0x08002fa8       0x5c ./Drivers/STM32F4xx_HAL_Driver/Src/stm32f4xx_ll_usb.o
                0x08002fa8                USB_FlushRxFifo
 .text.USB_SetDevSpeed
                0x08003004       0x32 ./Drivers/STM32F4xx_HAL_Driver/Src/stm32f4xx_ll_usb.o
                0x08003004                USB_SetDevSpeed
 .text.USB_DevDisconnect
                0x08003036       0x42 ./Drivers/STM32F4xx_HAL_Driver/Src/stm32f4xx_ll_usb.o
                0x08003036                USB_DevDisconnect
 .text.USB_GetMode
                0x08003078       0x1c ./Drivers/STM32F4xx_HAL_Driver/Src/stm32f4xx_ll_usb.o
                0x08003078                USB_GetMode
 .text.USB_CoreReset
                0x08003094       0x70 ./Drivers/STM32F4xx_HAL_Driver/Src/stm32f4xx_ll_usb.o
 .text.memset   0x08003104       0x10 C:/ST/STM32CubeIDE_2.1.1/STM32CubeIDE/plugins/com.st.stm32cube.ide.mcu.externaltools.gnu-tools-for-stm32.14.3.rel1.win32_1.0.100.202602081740/tools/bin/../lib/gcc/arm-none-eabi/14.3.1/../../../../arm-none-eabi/lib/thumb/v7e-m+fp/hard\libc_nano.a(libc_a-memset.o)
                0x08003104                memset
 .text.__libc_init_array
                0x08003114       0x48 C:/ST/STM32CubeIDE_2.1.1/STM32CubeIDE/plugins/com.st.stm32cube.ide.mcu.externaltools.gnu-tools-for-stm32.14.3.rel1.win32_1.0.100.202602081740/tools/bin/../lib/gcc/arm-none-eabi/14.3.1/../../../../arm-none-eabi/lib/thumb/v7e-m+fp/hard\libc_nano.a(libc_a-init.o)
                0x08003114                __libc_init_array
 *(.glue_7)
 .glue_7        0x0800315c        0x0 linker stubs
 *(.glue_7t)
 .glue_7t       0x0800315c        0x0 linker stubs
 *(.eh_frame)
 .eh_frame      0x0800315c        0x0 C:/ST/STM32CubeIDE_2.1.1/STM32CubeIDE/plugins/com.st.stm32cube.ide.mcu.externaltools.gnu-tools-for-stm32.14.3.rel1.win32_1.0.100.202602081740/tools/bin/../lib/gcc/arm-none-eabi/14.3.1/thumb/v7e-m+fp/hard/crtbegin.o
 *(.init)
 .init          0x0800315c        0x4 C:/ST/STM32CubeIDE_2.1.1/STM32CubeIDE/plugins/com.st.stm32cube.ide.mcu.externaltools.gnu-tools-for-stm32.14.3.rel1.win32_1.0.100.202602081740/tools/bin/../lib/gcc/arm-none-eabi/14.3.1/thumb/v7e-m+fp/hard/crti.o
                0x0800315c                _init
 .init          0x08003160        0x8 C:/ST/STM32CubeIDE_2.1.1/STM32CubeIDE/plugins/com.st.stm32cube.ide.mcu.externaltools.gnu-tools-for-stm32.14.3.rel1.win32_1.0.100.202602081740/tools/bin/../lib/gcc/arm-none-eabi/14.3.1/thumb/v7e-m+fp/hard/crtn.o
 *(.fini)
 .fini          0x08003168        0x4 C:/ST/STM32CubeIDE_2.1.1/STM32CubeIDE/plugins/com.st.stm32cube.ide.mcu.externaltools.gnu-tools-for-stm32.14.3.rel1.win32_1.0.100.202602081740/tools/bin/../lib/gcc/arm-none-eabi/14.3.1/thumb/v7e-m+fp/hard/crti.o
                0x08003168                _fini
 .fini          0x0800316c        0x8 C:/ST/STM32CubeIDE_2.1.1/STM32CubeIDE/plugins/com.st.stm32cube.ide.mcu.externaltools.gnu-tools-for-stm32.14.3.rel1.win32_1.0.100.202602081740/tools/bin/../lib/gcc/arm-none-eabi/14.3.1/thumb/v7e-m+fp/hard/crtn.o
                0x08003174                        . = ALIGN (0x4)
                0x08003174                        _etext = .

.vfp11_veneer   0x08003174        0x0
 .vfp11_veneer  0x08003174        0x0 linker stubs

.v4_bx          0x08003174        0x0
 .v4_bx         0x08003174        0x0 linker stubs

.iplt           0x08003174        0x0
 .iplt          0x08003174        0x0 C:/ST/STM32CubeIDE_2.1.1/STM32CubeIDE/plugins/com.st.stm32cube.ide.mcu.externaltools.gnu-tools-for-stm32.14.3.rel1.win32_1.0.100.202602081740/tools/bin/../lib/gcc/arm-none-eabi/14.3.1/thumb/v7e-m+fp/hard/crtbegin.o

.rodata         0x08003174       0x18
                0x08003174                        . = ALIGN (0x4)
 *(.rodata)
 *(.rodata*)
 .rodata.AHBPrescTable
                0x08003174       0x10 ./Core/Src/system_stm32f4xx.o
                0x08003174                AHBPrescTable
 .rodata.APBPrescTable
                0x08003184        0x8 ./Core/Src/system_stm32f4xx.o
                0x08003184                APBPrescTable
                0x0800318c                        . = ALIGN (0x4)

.ARM.extab      0x0800318c        0x0
                0x0800318c                        . = ALIGN (0x4)
 *(.ARM.extab* .gnu.linkonce.armextab.*)
                0x0800318c                        . = ALIGN (0x4)

.ARM            0x0800318c        0x8
                0x0800318c                        . = ALIGN (0x4)
                0x0800318c                        __exidx_start = .
 *(.ARM.exidx*)
 .ARM.exidx     0x0800318c        0x8 C:/ST/STM32CubeIDE_2.1.1/STM32CubeIDE/plugins/com.st.stm32cube.ide.mcu.externaltools.gnu-tools-for-stm32.14.3.rel1.win32_1.0.100.202602081740/tools/bin/../lib/gcc/arm-none-eabi/14.3.1/thumb/v7e-m+fp/hard\libgcc.a(_udivmoddi4.o)
                0x08003194                        __exidx_end = .
                0x08003194                        . = ALIGN (0x4)

.preinit_array  0x08003194        0x0
                0x08003194                        . = ALIGN (0x4)
                0x08003194                        PROVIDE (__preinit_array_start = .)
 *(.preinit_array*)
                0x08003194                        PROVIDE (__preinit_array_end = .)
                0x08003194                        . = ALIGN (0x4)

.init_array     0x08003194        0x4
                0x08003194                        . = ALIGN (0x4)
                0x08003194                        PROVIDE (__init_array_start = .)
 *(SORT_BY_NAME(.init_array.*))
 *(.init_array*)
 .init_array    0x08003194        0x4 C:/ST/STM32CubeIDE_2.1.1/STM32CubeIDE/plugins/com.st.stm32cube.ide.mcu.externaltools.gnu-tools-for-stm32.14.3.rel1.win32_1.0.100.202602081740/tools/bin/../lib/gcc/arm-none-eabi/14.3.1/thumb/v7e-m+fp/hard/crtbegin.o
                0x08003198                        PROVIDE (__init_array_end = .)
                0x08003198                        . = ALIGN (0x4)

.fini_array     0x08003198        0x4
                0x08003198                        . = ALIGN (0x4)
                [!provide]                        PROVIDE (__fini_array_start = .)
 *(SORT_BY_NAME(.fini_array.*))
 *(.fini_array*)
 .fini_array    0x08003198        0x4 C:/ST/STM32CubeIDE_2.1.1/STM32CubeIDE/plugins/com.st.stm32cube.ide.mcu.externaltools.gnu-tools-for-stm32.14.3.rel1.win32_1.0.100.202602081740/tools/bin/../lib/gcc/arm-none-eabi/14.3.1/thumb/v7e-m+fp/hard/crtbegin.o
                [!provide]                        PROVIDE (__fini_array_end = .)
                0x0800319c                        . = ALIGN (0x4)
                0x0800319c                        _sidata = LOADADDR (.data)

.rel.dyn        0x0800319c        0x0
 .rel.iplt      0x0800319c        0x0 C:/ST/STM32CubeIDE_2.1.1/STM32CubeIDE/plugins/com.st.stm32cube.ide.mcu.externaltools.gnu-tools-for-stm32.14.3.rel1.win32_1.0.100.202602081740/tools/bin/../lib/gcc/arm-none-eabi/14.3.1/thumb/v7e-m+fp/hard/crtbegin.o

.data           0x20000000        0xc load address 0x0800319c
                0x20000000                        . = ALIGN (0x4)
                0x20000000                        _sdata = .
 *(.data)
 *(.data*)
 .data.SystemCoreClock
                0x20000000        0x4 ./Core/Src/system_stm32f4xx.o
                0x20000000                SystemCoreClock
 .data.uwTickPrio
                0x20000004        0x4 ./Drivers/STM32F4xx_HAL_Driver/Src/stm32f4xx_hal.o
                0x20000004                uwTickPrio
 .data.uwTickFreq
                0x20000008        0x1 ./Drivers/STM32F4xx_HAL_Driver/Src/stm32f4xx_hal.o
                0x20000008                uwTickFreq
 *(.RamFunc)
 *(.RamFunc*)
                0x2000000c                        . = ALIGN (0x4)
 *fill*         0x20000009        0x3 
                0x2000000c                        _edata = .
                0x080031a8                        _siccmram = LOADADDR (.ccmram)

.igot.plt       0x2000000c        0x0 load address 0x080031a8
 .igot.plt      0x2000000c        0x0 C:/ST/STM32CubeIDE_2.1.1/STM32CubeIDE/plugins/com.st.stm32cube.ide.mcu.externaltools.gnu-tools-for-stm32.14.3.rel1.win32_1.0.100.202602081740/tools/bin/../lib/gcc/arm-none-eabi/14.3.1/thumb/v7e-m+fp/hard/crtbegin.o

.ccmram         0x10000000        0x0 load address 0x080031a8
                0x10000000                        . = ALIGN (0x4)
                0x10000000                        _sccmram = .
 *(.ccmram)
 *(.ccmram*)
                0x10000000                        . = ALIGN (0x4)
                0x10000000                        _eccmram = .
                0x10000000                        . = ALIGN (0x4)

.bss            0x2000000c      0x77c
                0x2000000c                        _sbss = .
                0x2000000c                        __bss_start__ = _sbss
 *(.bss)
 .bss           0x2000000c       0x1c C:/ST/STM32CubeIDE_2.1.1/STM32CubeIDE/plugins/com.st.stm32cube.ide.mcu.externaltools.gnu-tools-for-stm32.14.3.rel1.win32_1.0.100.202602081740/tools/bin/../lib/gcc/arm-none-eabi/14.3.1/thumb/v7e-m+fp/hard/crtbegin.o
 *(.bss*)
 .bss.DMARxDscrTab
                0x20000028       0xa0 ./Core/Src/eth.o
                0x20000028                DMARxDscrTab
 .bss.DMATxDscrTab
                0x200000c8       0xa0 ./Core/Src/eth.o
                0x200000c8                DMATxDscrTab
 .bss.TxConfig  0x20000168       0x38 ./Core/Src/eth.o
                0x20000168                TxConfig
 .bss.heth      0x200001a0       0xb0 ./Core/Src/eth.o
                0x200001a0                heth
 .bss.MACAddr.0
                0x20000250        0x6 ./Core/Src/eth.o
 *fill*         0x20000256        0x2 
 .bss.huart3    0x20000258       0x48 ./Core/Src/usart.o
                0x20000258                huart3
 .bss.hpcd_USB_OTG_FS
                0x200002a0      0x4e4 ./Core/Src/usb_otg.o
                0x200002a0                hpcd_USB_OTG_FS
 .bss.uwTick    0x20000784        0x4 ./Drivers/STM32F4xx_HAL_Driver/Src/stm32f4xx_hal.o
                0x20000784                uwTick
 *(COMMON)
                0x20000788                        . = ALIGN (0x4)
                0x20000788                        _ebss = .
                0x20000788                        __bss_end__ = _ebss

._user_heap_stack
                0x20000788      0x600
                0x20000788                        . = ALIGN (0x8)
                [!provide]                        PROVIDE (end = .)
                0x20000788                        PROVIDE (_end = .)
                0x20000988                        . = (. + _Min_Heap_Size)
 *fill*         0x20000788      0x200 
                0x20000d88                        . = (. + _Min_Stack_Size)
 *fill*         0x20000988      0x400 
                0x20000d88                        . = ALIGN (0x8)

/DISCARD/
 libc.a(*)
 libm.a(*)
 libgcc.a(*)

.ARM.attributes
                0x00000000       0x30
 *(.ARM.attributes)
 .ARM.attributes
                0x00000000       0x22 C:/ST/STM32CubeIDE_2.1.1/STM32CubeIDE/plugins/com.st.stm32cube.ide.mcu.externaltools.gnu-tools-for-stm32.14.3.rel1.win32_1.0.100.202602081740/tools/bin/../lib/gcc/arm-none-eabi/14.3.1/thumb/v7e-m+fp/hard/crti.o
 .ARM.attributes
                0x00000022       0x34 C:/ST/STM32CubeIDE_2.1.1/STM32CubeIDE/plugins/com.st.stm32cube.ide.mcu.externaltools.gnu-tools-for-stm32.14.3.rel1.win32_1.0.100.202602081740/tools/bin/../lib/gcc/arm-none-eabi/14.3.1/thumb/v7e-m+fp/hard/crtbegin.o
 .ARM.attributes
                0x00000056       0x34 ./Core/Src/eth.o
 .ARM.attributes
                0x0000008a       0x34 ./Core/Src/gpio.o
 .ARM.attributes
                0x000000be       0x34 ./Core/Src/main.o
 .ARM.attributes
                0x000000f2       0x34 ./Core/Src/stm32f4xx_hal_msp.o
 .ARM.attributes
                0x00000126       0x34 ./Core/Src/stm32f4xx_it.o
 .ARM.attributes
                0x0000015a       0x34 ./Core/Src/system_stm32f4xx.o
 .ARM.attributes
                0x0000018e       0x34 ./Core/Src/usart.o
 .ARM.attributes
                0x000001c2       0x34 ./Core/Src/usb_otg.o
 .ARM.attributes
                0x000001f6       0x21 ./Core/Startup/startup_stm32f429zitx.o
 .ARM.attributes
                0x00000217       0x34 ./Drivers/STM32F4xx_HAL_Driver/Src/stm32f4xx_hal.o
 .ARM.attributes
                0x0000024b       0x34 ./Drivers/STM32F4xx_HAL_Driver/Src/stm32f4xx_hal_cortex.o
 .ARM.attributes
                0x0000027f       0x34 ./Drivers/STM32F4xx_HAL_Driver/Src/stm32f4xx_hal_eth.o
 .ARM.attributes
                0x000002b3       0x34 ./Drivers/STM32F4xx_HAL_Driver/Src/stm32f4xx_hal_gpio.o
 .ARM.attributes
                0x000002e7       0x34 ./Drivers/STM32F4xx_HAL_Driver/Src/stm32f4xx_hal_pcd.o
 .ARM.attributes
                0x0000031b       0x34 ./Drivers/STM32F4xx_HAL_Driver/Src/stm32f4xx_hal_rcc.o
 .ARM.attributes
                0x0000034f       0x34 ./Drivers/STM32F4xx_HAL_Driver/Src/stm32f4xx_hal_uart.o
 .ARM.attributes
                0x00000383       0x34 ./Drivers/STM32F4xx_HAL_Driver/Src/stm32f4xx_ll_usb.o
 .ARM.attributes
                0x000003b7       0x34 C:/ST/STM32CubeIDE_2.1.1/STM32CubeIDE/plugins/com.st.stm32cube.ide.mcu.externaltools.gnu-tools-for-stm32.14.3.rel1.win32_1.0.100.202602081740/tools/bin/../lib/gcc/arm-none-eabi/14.3.1/../../../../arm-none-eabi/lib/thumb/v7e-m+fp/hard\libc_nano.a(libc_a-memset.o)
 .ARM.attributes
                0x000003eb       0x34 C:/ST/STM32CubeIDE_2.1.1/STM32CubeIDE/plugins/com.st.stm32cube.ide.mcu.externaltools.gnu-tools-for-stm32.14.3.rel1.win32_1.0.100.202602081740/tools/bin/../lib/gcc/arm-none-eabi/14.3.1/../../../../arm-none-eabi/lib/thumb/v7e-m+fp/hard\libc_nano.a(libc_a-init.o)
 .ARM.attributes
                0x0000041f       0x22 C:/ST/STM32CubeIDE_2.1.1/STM32CubeIDE/plugins/com.st.stm32cube.ide.mcu.externaltools.gnu-tools-for-stm32.14.3.rel1.win32_1.0.100.202602081740/tools/bin/../lib/gcc/arm-none-eabi/14.3.1/thumb/v7e-m+fp/hard\libgcc.a(_aeabi_uldivmod.o)
 .ARM.attributes
                0x00000441       0x34 C:/ST/STM32CubeIDE_2.1.1/STM32CubeIDE/plugins/com.st.stm32cube.ide.mcu.externaltools.gnu-tools-for-stm32.14.3.rel1.win32_1.0.100.202602081740/tools/bin/../lib/gcc/arm-none-eabi/14.3.1/thumb/v7e-m+fp/hard\libgcc.a(_udivmoddi4.o)
 .ARM.attributes
                0x00000475       0x22 C:/ST/STM32CubeIDE_2.1.1/STM32CubeIDE/plugins/com.st.stm32cube.ide.mcu.externaltools.gnu-tools-for-stm32.14.3.rel1.win32_1.0.100.202602081740/tools/bin/../lib/gcc/arm-none-eabi/14.3.1/thumb/v7e-m+fp/hard\libgcc.a(_dvmd_tls.o)
 .ARM.attributes
                0x00000497       0x22 C:/ST/STM32CubeIDE_2.1.1/STM32CubeIDE/plugins/com.st.stm32cube.ide.mcu.externaltools.gnu-tools-for-stm32.14.3.rel1.win32_1.0.100.202602081740/tools/bin/../lib/gcc/arm-none-eabi/14.3.1/thumb/v7e-m+fp/hard/crtn.o
OUTPUT(StudyRoom.elf elf32-littlearm)
LOAD linker stubs
LOAD C:/ST/STM32CubeIDE_2.1.1/STM32CubeIDE/plugins/com.st.stm32cube.ide.mcu.externaltools.gnu-tools-for-stm32.14.3.rel1.win32_1.0.100.202602081740/tools/bin/../lib/gcc/arm-none-eabi/14.3.1/../../../../arm-none-eabi/lib/thumb/v7e-m+fp/hard\libc.a
LOAD C:/ST/STM32CubeIDE_2.1.1/STM32CubeIDE/plugins/com.st.stm32cube.ide.mcu.externaltools.gnu-tools-for-stm32.14.3.rel1.win32_1.0.100.202602081740/tools/bin/../lib/gcc/arm-none-eabi/14.3.1/../../../../arm-none-eabi/lib/thumb/v7e-m+fp/hard\libm.a
LOAD C:/ST/STM32CubeIDE_2.1.1/STM32CubeIDE/plugins/com.st.stm32cube.ide.mcu.externaltools.gnu-tools-for-stm32.14.3.rel1.win32_1.0.100.202602081740/tools/bin/../lib/gcc/arm-none-eabi/14.3.1/thumb/v7e-m+fp/hard\libgcc.a

.debug_info     0x00000000     0xdbc9
 .debug_info    0x00000000      0xf30 ./Core/Src/eth.o
 .debug_info    0x00000f30      0x459 ./Core/Src/gpio.o
 .debug_info    0x00001389      0x5b9 ./Core/Src/main.o
 .debug_info    0x00001942      0x281 ./Core/Src/stm32f4xx_hal_msp.o
 .debug_info    0x00001bc3      0x112 ./Core/Src/stm32f4xx_it.o
 .debug_info    0x00001cd5      0x52e ./Core/Src/system_stm32f4xx.o
 .debug_info    0x00002203      0x935 ./Core/Src/usart.o
 .debug_info    0x00002b38      0x94b ./Core/Src/usb_otg.o
 .debug_info    0x00003483       0x30 ./Core/Startup/startup_stm32f429zitx.o
 .debug_info    0x000034b3      0x9ba ./Drivers/STM32F4xx_HAL_Driver/Src/stm32f4xx_hal.o
 .debug_info    0x00003e6d      0xdc2 ./Drivers/STM32F4xx_HAL_Driver/Src/stm32f4xx_hal_cortex.o
 .debug_info    0x00004c2f     0x2193 ./Drivers/STM32F4xx_HAL_Driver/Src/stm32f4xx_hal_eth.o
 .debug_info    0x00006dc2      0x6db ./Drivers/STM32F4xx_HAL_Driver/Src/stm32f4xx_hal_gpio.o
 .debug_info    0x0000749d     0x156f ./Drivers/STM32F4xx_HAL_Driver/Src/stm32f4xx_hal_pcd.o
 .debug_info    0x00008a0c      0x8db ./Drivers/STM32F4xx_HAL_Driver/Src/stm32f4xx_hal_rcc.o
 .debug_info    0x000092e7     0x2f4f ./Drivers/STM32F4xx_HAL_Driver/Src/stm32f4xx_hal_uart.o
 .debug_info    0x0000c236     0x1993 ./Drivers/STM32F4xx_HAL_Driver/Src/stm32f4xx_ll_usb.o

.debug_abbrev   0x00000000     0x21bd
 .debug_abbrev  0x00000000      0x249 ./Core/Src/eth.o
 .debug_abbrev  0x00000249      0x152 ./Core/Src/gpio.o
 .debug_abbrev  0x0000039b      0x1f5 ./Core/Src/main.o
 .debug_abbrev  0x00000590       0xd8 ./Core/Src/stm32f4xx_hal_msp.o
 .debug_abbrev  0x00000668       0x73 ./Core/Src/stm32f4xx_it.o
 .debug_abbrev  0x000006db      0x11a ./Core/Src/system_stm32f4xx.o
 .debug_abbrev  0x000007f5      0x1f9 ./Core/Src/usart.o
 .debug_abbrev  0x000009ee      0x219 ./Core/Src/usb_otg.o
 .debug_abbrev  0x00000c07       0x24 ./Core/Startup/startup_stm32f429zitx.o
 .debug_abbrev  0x00000c2b      0x214 ./Drivers/STM32F4xx_HAL_Driver/Src/stm32f4xx_hal.o
 .debug_abbrev  0x00000e3f      0x31d ./Drivers/STM32F4xx_HAL_Driver/Src/stm32f4xx_hal_cortex.o
 .debug_abbrev  0x0000115c      0x35c ./Drivers/STM32F4xx_HAL_Driver/Src/stm32f4xx_hal_eth.o
 .debug_abbrev  0x000014b8      0x1d4 ./Drivers/STM32F4xx_HAL_Driver/Src/stm32f4xx_hal_gpio.o
 .debug_abbrev  0x0000168c      0x2b9 ./Drivers/STM32F4xx_HAL_Driver/Src/stm32f4xx_hal_pcd.o
 .debug_abbrev  0x00001945      0x2b7 ./Drivers/STM32F4xx_HAL_Driver/Src/stm32f4xx_hal_rcc.o
 .debug_abbrev  0x00001bfc      0x30e ./Drivers/STM32F4xx_HAL_Driver/Src/stm32f4xx_hal_uart.o
 .debug_abbrev  0x00001f0a      0x2b3 ./Drivers/STM32F4xx_HAL_Driver/Src/stm32f4xx_ll_usb.o

.debug_aranges  0x00000000      0xb98
 .debug_aranges
                0x00000000       0x30 ./Core/Src/eth.o
 .debug_aranges
                0x00000030       0x20 ./Core/Src/gpio.o
 .debug_aranges
                0x00000050       0x30 ./Core/Src/main.o
 .debug_aranges
                0x00000080       0x20 ./Core/Src/stm32f4xx_hal_msp.o
 .debug_aranges
                0x000000a0       0x60 ./Core/Src/stm32f4xx_it.o
 .debug_aranges
                0x00000100       0x28 ./Core/Src/system_stm32f4xx.o
 .debug_aranges
                0x00000128       0x30 ./Core/Src/usart.o
 .debug_aranges
                0x00000158       0x30 ./Core/Src/usb_otg.o
 .debug_aranges
                0x00000188       0x28 ./Core/Startup/startup_stm32f429zitx.o
 .debug_aranges
                0x000001b0      0x100 ./Drivers/STM32F4xx_HAL_Driver/Src/stm32f4xx_hal.o
 .debug_aranges
                0x000002b0      0x130 ./Drivers/STM32F4xx_HAL_Driver/Src/stm32f4xx_hal_cortex.o
 .debug_aranges
                0x000003e0      0x1e8 ./Drivers/STM32F4xx_HAL_Driver/Src/stm32f4xx_hal_eth.o
 .debug_aranges
                0x000005c8       0x58 ./Drivers/STM32F4xx_HAL_Driver/Src/stm32f4xx_hal_gpio.o
 .debug_aranges
                0x00000620      0x148 ./Drivers/STM32F4xx_HAL_Driver/Src/stm32f4xx_hal_pcd.o
 .debug_aranges
                0x00000768       0x88 ./Drivers/STM32F4xx_HAL_Driver/Src/stm32f4xx_hal_rcc.o
 .debug_aranges
                0x000007f0      0x208 ./Drivers/STM32F4xx_HAL_Driver/Src/stm32f4xx_hal_uart.o
 .debug_aranges
                0x000009f8      0x1a0 ./Drivers/STM32F4xx_HAL_Driver/Src/stm32f4xx_ll_usb.o

.debug_rnglists
                0x00000000      0x8dd
 .debug_rnglists
                0x00000000       0x21 ./Core/Src/eth.o
 .debug_rnglists
                0x00000021       0x14 ./Core/Src/gpio.o
 .debug_rnglists
                0x00000035       0x20 ./Core/Src/main.o
 .debug_rnglists
                0x00000055       0x13 ./Core/Src/stm32f4xx_hal_msp.o
 .debug_rnglists
                0x00000068       0x43 ./Core/Src/stm32f4xx_it.o
 .debug_rnglists
                0x000000ab       0x1a ./Core/Src/system_stm32f4xx.o
 .debug_rnglists
                0x000000c5       0x20 ./Core/Src/usart.o
 .debug_rnglists
                0x000000e5       0x20 ./Core/Src/usb_otg.o
 .debug_rnglists
                0x00000105       0x19 ./Core/Startup/startup_stm32f429zitx.o
 .debug_rnglists
                0x0000011e       0xbb ./Drivers/STM32F4xx_HAL_Driver/Src/stm32f4xx_hal.o
 .debug_rnglists
                0x000001d9       0xe0 ./Drivers/STM32F4xx_HAL_Driver/Src/stm32f4xx_hal_cortex.o
 .debug_rnglists
                0x000002b9      0x182 ./Drivers/STM32F4xx_HAL_Driver/Src/stm32f4xx_hal_eth.o
 .debug_rnglists
                0x0000043b       0x3f ./Drivers/STM32F4xx_HAL_Driver/Src/stm32f4xx_hal_gpio.o
 .debug_rnglists
                0x0000047a       0xfa ./Drivers/STM32F4xx_HAL_Driver/Src/stm32f4xx_hal_pcd.o
 .debug_rnglists
                0x00000574       0x66 ./Drivers/STM32F4xx_HAL_Driver/Src/stm32f4xx_hal_rcc.o
 .debug_rnglists
                0x000005da      0x1bc ./Drivers/STM32F4xx_HAL_Driver/Src/stm32f4xx_hal_uart.o
 .debug_rnglists
                0x00000796      0x147 ./Drivers/STM32F4xx_HAL_Driver/Src/stm32f4xx_ll_usb.o

.debug_macro    0x00000000    0x243a9
 .debug_macro   0x00000000      0x2cf ./Core/Src/eth.o
 .debug_macro   0x000002cf      0xad8 ./Core/Src/eth.o
 .debug_macro   0x00000da7      0x2a1 ./Core/Src/eth.o
 .debug_macro   0x00001048       0x2e ./Core/Src/eth.o
 .debug_macro   0x00001076       0x28 ./Core/Src/eth.o
 .debug_macro   0x0000109e       0x22 ./Core/Src/eth.o
 .debug_macro   0x000010c0       0x8e ./Core/Src/eth.o
 .debug_macro   0x0000114e       0x51 ./Core/Src/eth.o
 .debug_macro   0x0000119f      0x103 ./Core/Src/eth.o
 .debug_macro   0x000012a2       0x6a ./Core/Src/eth.o
 .debug_macro   0x0000130c      0x1df ./Core/Src/eth.o
 .debug_macro   0x000014eb       0x1c ./Core/Src/eth.o
 .debug_macro   0x00001507       0x22 ./Core/Src/eth.o
 .debug_macro   0x00001529       0xfb ./Core/Src/eth.o
 .debug_macro   0x00001624     0x1011 ./Core/Src/eth.o
 .debug_macro   0x00002635      0x11f ./Core/Src/eth.o
 .debug_macro   0x00002754    0x17ff1 ./Core/Src/eth.o
 .debug_macro   0x0001a745       0x6d ./Core/Src/eth.o
 .debug_macro   0x0001a7b2     0x370a ./Core/Src/eth.o
 .debug_macro   0x0001debc      0x190 ./Core/Src/eth.o
 .debug_macro   0x0001e04c       0x5c ./Core/Src/eth.o
 .debug_macro   0x0001e0a8      0xcba ./Core/Src/eth.o
 .debug_macro   0x0001ed62      0x9e9 ./Core/Src/eth.o
 .debug_macro   0x0001f74b      0x115 ./Core/Src/eth.o
 .debug_macro   0x0001f860      0x156 ./Core/Src/eth.o
 .debug_macro   0x0001f9b6       0xa5 ./Core/Src/eth.o
 .debug_macro   0x0001fa5b      0x182 ./Core/Src/eth.o
 .debug_macro   0x0001fbdd      0x287 ./Core/Src/eth.o
 .debug_macro   0x0001fe64       0x5f ./Core/Src/eth.o
 .debug_macro   0x0001fec3      0x236 ./Core/Src/eth.o
 .debug_macro   0x000200f9      0xb99 ./Core/Src/eth.o
 .debug_macro   0x00020c92      0x132 ./Core/Src/eth.o
 .debug_macro   0x00020dc4      0x41d ./Core/Src/eth.o
 .debug_macro   0x000211e1       0x2e ./Core/Src/eth.o
 .debug_macro   0x0002120f      0x127 ./Core/Src/eth.o
 .debug_macro   0x00021336       0xe2 ./Core/Src/eth.o
 .debug_macro   0x00021418       0x89 ./Core/Src/eth.o
 .debug_macro   0x000214a1      0x2aa ./Core/Src/eth.o
 .debug_macro   0x0002174b      0x293 ./Core/Src/eth.o
 .debug_macro   0x000219de       0xba ./Core/Src/eth.o
 .debug_macro   0x00021a98      0x134 ./Core/Src/eth.o
 .debug_macro   0x00021bcc      0x130 ./Core/Src/eth.o
 .debug_macro   0x00021cfc       0x61 ./Core/Src/eth.o
 .debug_macro   0x00021d5d       0x2a ./Core/Src/eth.o
 .debug_macro   0x00021d87       0x43 ./Core/Src/eth.o
 .debug_macro   0x00021dca       0x34 ./Core/Src/eth.o
 .debug_macro   0x00021dfe      0x364 ./Core/Src/eth.o
 .debug_macro   0x00022162       0x16 ./Core/Src/eth.o
 .debug_macro   0x00022178       0x4a ./Core/Src/eth.o
 .debug_macro   0x000221c2       0x34 ./Core/Src/eth.o
 .debug_macro   0x000221f6       0x10 ./Core/Src/eth.o
 .debug_macro   0x00022206       0x58 ./Core/Src/eth.o
 .debug_macro   0x0002225e       0x8e ./Core/Src/eth.o
 .debug_macro   0x000222ec       0x1c ./Core/Src/eth.o
 .debug_macro   0x00022308      0x17e ./Core/Src/eth.o
 .debug_macro   0x00022486       0x10 ./Core/Src/eth.o
 .debug_macro   0x00022496       0x3c ./Core/Src/eth.o
 .debug_macro   0x000224d2       0x20 ./Core/Src/eth.o
 .debug_macro   0x000224f2      0x201 ./Core/Src/gpio.o
 .debug_macro   0x000226f3      0x223 ./Core/Src/main.o
 .debug_macro   0x00022916      0x1f7 ./Core/Src/stm32f4xx_hal_msp.o
 .debug_macro   0x00022b0d      0x201 ./Core/Src/stm32f4xx_it.o
 .debug_macro   0x00022d0e      0x1e8 ./Core/Src/system_stm32f4xx.o
 .debug_macro   0x00022ef6      0x201 ./Core/Src/usart.o
 .debug_macro   0x000230f7      0x201 ./Core/Src/usb_otg.o
 .debug_macro   0x000232f8      0x248 ./Drivers/STM32F4xx_HAL_Driver/Src/stm32f4xx_hal.o
 .debug_macro   0x00023540      0x1e8 ./Drivers/STM32F4xx_HAL_Driver/Src/stm32f4xx_hal_cortex.o
 .debug_macro   0x00023728      0x2c2 ./Drivers/STM32F4xx_HAL_Driver/Src/stm32f4xx_hal_eth.o
 .debug_macro   0x000239ea      0x1ee ./Drivers/STM32F4xx_HAL_Driver/Src/stm32f4xx_hal_gpio.o
 .debug_macro   0x00023bd8      0x1f4 ./Drivers/STM32F4xx_HAL_Driver/Src/stm32f4xx_hal_pcd.o
 .debug_macro   0x00023dcc      0x20c ./Drivers/STM32F4xx_HAL_Driver/Src/stm32f4xx_hal_rcc.o
 .debug_macro   0x00023fd8      0x1e9 ./Drivers/STM32F4xx_HAL_Driver/Src/stm32f4xx_hal_uart.o
 .debug_macro   0x000241c1      0x1e8 ./Drivers/STM32F4xx_HAL_Driver/Src/stm32f4xx_ll_usb.o

.debug_line     0x00000000     0xe5f4
 .debug_line    0x00000000      0x98c ./Core/Src/eth.o
 .debug_line    0x0000098c      0x7ab ./Core/Src/gpio.o
 .debug_line    0x00001137      0x81f ./Core/Src/main.o
 .debug_line    0x00001956      0x777 ./Core/Src/stm32f4xx_hal_msp.o
 .debug_line    0x000020cd      0x826 ./Core/Src/stm32f4xx_it.o
 .debug_line    0x000028f3      0x7ed ./Core/Src/system_stm32f4xx.o
 .debug_line    0x000030e0      0x7e5 ./Core/Src/usart.o
 .debug_line    0x000038c5      0x7f8 ./Core/Src/usb_otg.o
 .debug_line    0x000040bd       0x7a ./Core/Startup/startup_stm32f429zitx.o
 .debug_line    0x00004137      0xaa2 ./Drivers/STM32F4xx_HAL_Driver/Src/stm32f4xx_hal.o
 .debug_line    0x00004bd9      0xd39 ./Drivers/STM32F4xx_HAL_Driver/Src/stm32f4xx_hal_cortex.o
 .debug_line    0x00005912     0x1a7e ./Drivers/STM32F4xx_HAL_Driver/Src/stm32f4xx_hal_eth.o
 .debug_line    0x00007390      0xbe6 ./Drivers/STM32F4xx_HAL_Driver/Src/stm32f4xx_hal_gpio.o
 .debug_line    0x00007f76     0x14b2 ./Drivers/STM32F4xx_HAL_Driver/Src/stm32f4xx_hal_pcd.o
 .debug_line    0x00009428      0xe78 ./Drivers/STM32F4xx_HAL_Driver/Src/stm32f4xx_hal_rcc.o
 .debug_line    0x0000a2a0     0x25b1 ./Drivers/STM32F4xx_HAL_Driver/Src/stm32f4xx_hal_uart.o
 .debug_line    0x0000c851     0x1da3 ./Drivers/STM32F4xx_HAL_Driver/Src/stm32f4xx_ll_usb.o

.debug_str      0x00000000    0xd93d4
 .debug_str     0x00000000    0xd93d4 ./Core/Src/eth.o
                              0xd5315 (size before relaxing)
 .debug_str     0x000d93d4    0xd1ade ./Core/Src/gpio.o
 .debug_str     0x000d93d4    0xd1c9b ./Core/Src/main.o
 .debug_str     0x000d93d4    0xd1a13 ./Core/Src/stm32f4xx_hal_msp.o
 .debug_str     0x000d93d4    0xd1986 ./Core/Src/stm32f4xx_it.o
 .debug_str     0x000d93d4    0xd1602 ./Core/Src/system_stm32f4xx.o
 .debug_str     0x000d93d4    0xd1f9b ./Core/Src/usart.o
 .debug_str     0x000d93d4    0xd1f36 ./Core/Src/usb_otg.o
 .debug_str     0x000d93d4       0x63 ./Core/Startup/startup_stm32f429zitx.o
 .debug_str     0x000d93d4    0xd2225 ./Drivers/STM32F4xx_HAL_Driver/Src/stm32f4xx_hal.o
 .debug_str     0x000d93d4    0xd1f53 ./Drivers/STM32F4xx_HAL_Driver/Src/stm32f4xx_hal_cortex.o
 .debug_str     0x000d93d4    0xd2efe ./Drivers/STM32F4xx_HAL_Driver/Src/stm32f4xx_hal_eth.o
 .debug_str     0x000d93d4    0xd177d ./Drivers/STM32F4xx_HAL_Driver/Src/stm32f4xx_hal_gpio.o
 .debug_str     0x000d93d4    0xd20cd ./Drivers/STM32F4xx_HAL_Driver/Src/stm32f4xx_hal_pcd.o
 .debug_str     0x000d93d4    0xd1a36 ./Drivers/STM32F4xx_HAL_Driver/Src/stm32f4xx_hal_rcc.o
 .debug_str     0x000d93d4    0xd2004 ./Drivers/STM32F4xx_HAL_Driver/Src/stm32f4xx_hal_uart.o
 .debug_str     0x000d93d4    0xd1fa8 ./Drivers/STM32F4xx_HAL_Driver/Src/stm32f4xx_ll_usb.o

.comment        0x00000000       0x43
 .comment       0x00000000       0x43 ./Core/Src/eth.o
                                 0x44 (size before relaxing)
 .comment       0x00000043       0x44 ./Core/Src/gpio.o
 .comment       0x00000043       0x44 ./Core/Src/main.o
 .comment       0x00000043       0x44 ./Core/Src/stm32f4xx_hal_msp.o
 .comment       0x00000043       0x44 ./Core/Src/stm32f4xx_it.o
 .comment       0x00000043       0x44 ./Core/Src/system_stm32f4xx.o
 .comment       0x00000043       0x44 ./Core/Src/usart.o
 .comment       0x00000043       0x44 ./Core/Src/usb_otg.o
 .comment       0x00000043       0x44 ./Drivers/STM32F4xx_HAL_Driver/Src/stm32f4xx_hal.o
 .comment       0x00000043       0x44 ./Drivers/STM32F4xx_HAL_Driver/Src/stm32f4xx_hal_cortex.o
 .comment       0x00000043       0x44 ./Drivers/STM32F4xx_HAL_Driver/Src/stm32f4xx_hal_eth.o
 .comment       0x00000043       0x44 ./Drivers/STM32F4xx_HAL_Driver/Src/stm32f4xx_hal_gpio.o
 .comment       0x00000043       0x44 ./Drivers/STM32F4xx_HAL_Driver/Src/stm32f4xx_hal_pcd.o
 .comment       0x00000043       0x44 ./Drivers/STM32F4xx_HAL_Driver/Src/stm32f4xx_hal_rcc.o
 .comment       0x00000043       0x44 ./Drivers/STM32F4xx_HAL_Driver/Src/stm32f4xx_hal_uart.o
 .comment       0x00000043       0x44 ./Drivers/STM32F4xx_HAL_Driver/Src/stm32f4xx_ll_usb.o

.debug_frame    0x00000000     0x2cf4
 .debug_frame   0x00000000       0x74 ./Core/Src/eth.o
 .debug_frame   0x00000074       0x34 ./Core/Src/gpio.o
 .debug_frame   0x000000a8       0x68 ./Core/Src/main.o
 .debug_frame   0x00000110       0x34 ./Core/Src/stm32f4xx_hal_msp.o
 .debug_frame   0x00000144       0xf8 ./Core/Src/stm32f4xx_it.o
 .debug_frame   0x0000023c       0x50 ./Core/Src/system_stm32f4xx.o
 .debug_frame   0x0000028c       0x74 ./Core/Src/usart.o
 .debug_frame   0x00000300       0x74 ./Core/Src/usb_otg.o
 .debug_frame   0x00000374      0x354 ./Drivers/STM32F4xx_HAL_Driver/Src/stm32f4xx_hal.o
 .debug_frame   0x000006c8      0x4b8 ./Drivers/STM32F4xx_HAL_Driver/Src/stm32f4xx_hal_cortex.o
 .debug_frame   0x00000b80      0x83c ./Drivers/STM32F4xx_HAL_Driver/Src/stm32f4xx_hal_eth.o
 .debug_frame   0x000013bc      0x130 ./Drivers/STM32F4xx_HAL_Driver/Src/stm32f4xx_hal_gpio.o
 .debug_frame   0x000014ec      0x574 ./Drivers/STM32F4xx_HAL_Driver/Src/stm32f4xx_hal_pcd.o
 .debug_frame   0x00001a60      0x1d8 ./Drivers/STM32F4xx_HAL_Driver/Src/stm32f4xx_hal_rcc.o
 .debug_frame   0x00001c38      0x8ec ./Drivers/STM32F4xx_HAL_Driver/Src/stm32f4xx_hal_uart.o
 .debug_frame   0x00002524      0x724 ./Drivers/STM32F4xx_HAL_Driver/Src/stm32f4xx_ll_usb.o
 .debug_frame   0x00002c48       0x20 C:/ST/STM32CubeIDE_2.1.1/STM32CubeIDE/plugins/com.st.stm32cube.ide.mcu.externaltools.gnu-tools-for-stm32.14.3.rel1.win32_1.0.100.202602081740/tools/bin/../lib/gcc/arm-none-eabi/14.3.1/../../../../arm-none-eabi/lib/thumb/v7e-m+fp/hard\libc_nano.a(libc_a-memset.o)
 .debug_frame   0x00002c68       0x2c C:/ST/STM32CubeIDE_2.1.1/STM32CubeIDE/plugins/com.st.stm32cube.ide.mcu.externaltools.gnu-tools-for-stm32.14.3.rel1.win32_1.0.100.202602081740/tools/bin/../lib/gcc/arm-none-eabi/14.3.1/../../../../arm-none-eabi/lib/thumb/v7e-m+fp/hard\libc_nano.a(libc_a-init.o)
 .debug_frame   0x00002c94       0x2c C:/ST/STM32CubeIDE_2.1.1/STM32CubeIDE/plugins/com.st.stm32cube.ide.mcu.externaltools.gnu-tools-for-stm32.14.3.rel1.win32_1.0.100.202602081740/tools/bin/../lib/gcc/arm-none-eabi/14.3.1/thumb/v7e-m+fp/hard\libgcc.a(_aeabi_uldivmod.o)
 .debug_frame   0x00002cc0       0x34 C:/ST/STM32CubeIDE_2.1.1/STM32CubeIDE/plugins/com.st.stm32cube.ide.mcu.externaltools.gnu-tools-for-stm32.14.3.rel1.win32_1.0.100.202602081740/tools/bin/../lib/gcc/arm-none-eabi/14.3.1/thumb/v7e-m+fp/hard\libgcc.a(_udivmoddi4.o)

.debug_line_str
                0x00000000       0x47
 .debug_line_str
                0x00000000       0x47 ./Core/Startup/startup_stm32f429zitx.o
